src/layout/DashboardLayout.tsx(2,25): error TS2307: Cannot find module '../../context/AuthContext' or its corresponding type declarations.
src/layout/DashboardLayout.tsx(14,1): error TS6133: 'useState' is declared but its value is never read.
src/pages/dashboard/AIVulnerability.tsx(2,34): error TS6133: 'YAxis' is declared but its value is never read.
src/pages/dashboard/HiringTrends.tsx(129,58): error TS6133: 'entry' is declared but its value is never read.
